
added 2 packages, and audited 998 packages in 4s

217 packages are looking for funding
  run `npm fund` for details

4 vulnerabilities (3 moderate, 1 high)

To address issues that do not require attention, run:
  npm audit fix

To address all issues (including breaking changes), run:
  npm audit fix --force

Run `npm audit` for details.
npm notice run teea-word-addin@1.0.0 npx
npm notice run playwright install chromium
Downloading Chrome for Testing 151.0.7922.34 (playwright chromium v1234)[2m from https://cdn.playwright.dev/builds/cft/151.0.7922.34/win64/chrome-win64.zip[22m
|                                                                                |   0% of 191.8 MiB
|■■■■■■■■                                                                        |  10% of 191.8 MiB
|■■■■■■■■■■■■■■■■                                                                |  20% of 191.8 MiB
|■■■■■■■■■■■■■■■■■■■■■■■■                                                        |  30% of 191.8 MiB
|■■■■■■■■■■■■■■■■■■■■■■■■■■■■■■■■                                                |  40% of 191.8 MiB
|■■■■■■■■■■■■■■■■■■■■■■■■■■■■■■■■■■■■■■■■                                        |  50% of 191.8 MiB
|■■■■■■■■■■■■■■■■■■■■■■■■■■■■■■■■■■■■■■■■■■■■■■■■                                |  60% of 191.8 MiB
|■■■■■■■■■■■■■■■■■■■■■■■■■■■■■■■■■■■■■■■■■■■■■■■■■■■■■■■■                        |  70% of 191.8 MiB
|■■■■■■■■■■■■■■■■■■■■■■■■■■■■■■■■■■■■■■■■■■■■■■■■■■■■■■■■■■■■■■■■                |  80% of 191.8 MiB
|■■■■■■■■■■■■■■■■■■■■■■■■■■■■■■■■■■■■■■■■■■■■■■■■■■■■■■■■■■■■■■■■■■■■■■■■        |  90% of 191.8 MiB
|■■■■■■■■■■■■■■■■■■■■■■■■■■■■■■■■■■■■■■■■■■■■■■■■■■■■■■■■■■■■■■■■■■■■■■■■■■■■■■■■| 100% of 191.8 MiB
Chrome for Testing 151.0.7922.34 (playwright chromium v1234) downloaded to C:\Users\kalsa\AppData\Local\ms-playwright\chromium-1234
Downloading Chrome Headless Shell 151.0.7922.34 (playwright chromium-headless-shell v1234)[2m from https://cdn.playwright.dev/builds/cft/151.0.7922.34/win64/chrome-headless-shell-win64.zip[22m
|                                                                                |   0% of 114.5 MiB
|■■■■■■■■                                                                        |  10% of 114.5 MiB
|■■■■■■■■■■■■■■■■                                                                |  20% of 114.5 MiB
|■■■■■■■■■■■■■■■■■■■■■■■■                                                        |  30% of 114.5 MiB
|■■■■■■■■■■■■■■■■■■■■■■■■■■■■■■■■                                                |  40% of 114.5 MiB
|■■■■■■■■■■■■■■■■■■■■■■■■■■■■■■■■■■■■■■■■                                        |  50% of 114.5 MiB
|■■■■■■■■■■■■■■■■■■■■■■■■■■■■■■■■■■■■■■■■■■■■■■■■                                |  60% of 114.5 MiB
|■■■■■■■■■■■■■■■■■■■■■■■■■■■■■■■■■■■■■■■■■■■■■■■■■■■■■■■■                        |  70% of 114.5 MiB
|■■■■■■■■■■■■■■■■■■■■■■■■■■■■■■■■■■■■■■■■■■■■■■■■■■■■■■■■■■■■■■■■                |  80% of 114.5 MiB
|■■■■■■■■■■■■■■■■■■■■■■■■■■■■■■■■■■■■■■■■■■■■■■■■■■■■■■■■■■■■■■■■■■■■■■■■        |  90% of 114.5 MiB
|■■■■■■■■■■■■■■■■■■■■■■■■■■■■■■■■■■■■■■■■■■■■■■■■■■■■■■■■■■■■■■■■■■■■■■■■■■■■■■■■| 100% of 114.5 MiB
Chrome Headless Shell 151.0.7922.34 (playwright chromium-headless-shell v1234) downloaded to C:\Users\kalsa\AppData\Local\ms-playwright\chromium_headless_shell-1234
DONE:0
